  Lab6.cpp
C:\Users\ASUS\source\LyThuyetDoThiVaUngDung\Lab6\Lab6\Lab6.cpp(53,21): error C2065: 'VoCuc': undeclared identifier
C:\Users\ASUS\source\LyThuyetDoThiVaUngDung\Lab6\Lab6\Lab6.cpp(65,72): error C2065: 'VoCuc': undeclared identifier
C:\Users\ASUS\source\LyThuyetDoThiVaUngDung\Lab6\Lab6\Lab6.cpp(74,51): error C2065: 'VoCuc': undeclared identifier
C:\Users\ASUS\source\LyThuyetDoThiVaUngDung\Lab6\Lab6\Lab6.cpp(144,5): error C2059: syntax error: 'if'
C:\Users\ASUS\source\LyThuyetDoThiVaUngDung\Lab6\Lab6\Lab6.cpp(144,31): error C2143: syntax error: missing ';' before '{'
C:\Users\ASUS\source\LyThuyetDoThiVaUngDung\Lab6\Lab6\Lab6.cpp(145,61): error C2065: 'j': undeclared identifier
C:\Users\ASUS\source\LyThuyetDoThiVaUngDung\Lab6\Lab6\Lab6.cpp(145,83): error C2065: 'j': undeclared identifier
C:\Users\ASUS\source\LyThuyetDoThiVaUngDung\Lab6\Lab6\Lab6.cpp(146,17): error C2065: 'j': undeclared identifier
C:\Users\ASUS\source\LyThuyetDoThiVaUngDung\Lab6\Lab6\Lab6.cpp(146,9): error C3861: 'Xuat': identifier not found
C:\Users\ASUS\source\LyThuyetDoThiVaUngDung\Lab6\Lab6\Lab6.cpp(148,5): error C2181: illegal else without matching if
C:\Users\ASUS\source\LyThuyetDoThiVaUngDung\Lab6\Lab6\Lab6.cpp(149,58): error C2065: 'j': undeclared identifier
C:\Users\ASUS\source\LyThuyetDoThiVaUngDung\Lab6\Lab6\Lab6.cpp(158,17): error C2065: 'L': undeclared identifier
C:\Users\ASUS\source\LyThuyetDoThiVaUngDung\Lab6\Lab6\Lab6.cpp(160,22): error C2143: syntax error: missing ';' before ')'
C:\Users\ASUS\source\LyThuyetDoThiVaUngDung\Lab6\Lab6\Lab6.cpp(161,17): error C2143: syntax error: missing ';' before '{'
C:\Users\ASUS\source\LyThuyetDoThiVaUngDung\Lab6\Lab6\Lab6.cpp(161,17): error C2143: syntax error: missing ')' before '{'
C:\Users\ASUS\source\LyThuyetDoThiVaUngDung\Lab6\Lab6\Lab6.cpp(162,25): error C2065: 'L': undeclared identifier
C:\Users\ASUS\source\LyThuyetDoThiVaUngDung\Lab6\Lab6\Lab6.cpp(162,30): error C2065: 'j': undeclared identifier
C:\Users\ASUS\source\LyThuyetDoThiVaUngDung\Lab6\Lab6\Lab6.cpp(164,35): error C2065: 'j': undeclared identifier
C:\Users\ASUS\source\LyThuyetDoThiVaUngDung\Lab6\Lab6\Lab6.cpp(164,40): error C2065: 'L': undeclared identifier
C:\Users\ASUS\source\LyThuyetDoThiVaUngDung\Lab6\Lab6\Lab6.cpp(164,45): error C2065: 'j': undeclared identifier
C:\Users\ASUS\source\LyThuyetDoThiVaUngDung\Lab6\Lab6\Lab6.cpp(164,57): error C2065: 'L': undeclared identifier
C:\Users\ASUS\source\LyThuyetDoThiVaUngDung\Lab6\Lab6\Lab6.cpp(164,62): error C2065: 'j': undeclared identifier
C:\Users\ASUS\source\LyThuyetDoThiVaUngDung\Lab6\Lab6\Lab6.cpp(164,67): error C2065: 'L': undeclared identifier
C:\Users\ASUS\source\LyThuyetDoThiVaUngDung\Lab6\Lab6\Lab6.cpp(166,29): error C2065: 'L': undeclared identifier
C:\Users\ASUS\source\LyThuyetDoThiVaUngDung\Lab6\Lab6\Lab6.cpp(166,34): error C2065: 'j': undeclared identifier
C:\Users\ASUS\source\LyThuyetDoThiVaUngDung\Lab6\Lab6\Lab6.cpp(166,39): error C2065: 'L': undeclared identifier
C:\Users\ASUS\source\LyThuyetDoThiVaUngDung\Lab6\Lab6\Lab6.cpp(166,49): error C2065: 'L': undeclared identifier
C:\Users\ASUS\source\LyThuyetDoThiVaUngDung\Lab6\Lab6\Lab6.cpp(166,54): error C2065: 'j': undeclared identifier
C:\Users\ASUS\source\LyThuyetDoThiVaUngDung\Lab6\Lab6\Lab6.cpp(167,29): error C2065: 'P': undeclared identifier
C:\Users\ASUS\source\LyThuyetDoThiVaUngDung\Lab6\Lab6\Lab6.cpp(167,34): error C2065: 'j': undeclared identifier
C:\Users\ASUS\source\LyThuyetDoThiVaUngDung\Lab6\Lab6\Lab6.cpp(167,39): error C2065: 'P': undeclared identifier
C:\Users\ASUS\source\LyThuyetDoThiVaUngDung\Lab6\Lab6\Lab6.cpp(167,44): error C2065: 'j': undeclared identifier
C:\Users\ASUS\source\LyThuyetDoThiVaUngDung\Lab6\Lab6\Lab6.cpp(168,25): error C2143: syntax error: missing ';' before '}'
C:\Users\ASUS\source\LyThuyetDoThiVaUngDung\Lab6\Lab6\Lab6.cpp(179,5): error C2065: 'DD': undeclared identifier
C:\Users\ASUS\source\LyThuyetDoThiVaUngDung\Lab6\Lab6\Lab6.cpp(180,5): error C2065: 'id': undeclared identifier
C:\Users\ASUS\source\LyThuyetDoThiVaUngDung\Lab6\Lab6\Lab6.cpp(183,9): error C2065: 'DD': undeclared identifier
C:\Users\ASUS\source\LyThuyetDoThiVaUngDung\Lab6\Lab6\Lab6.cpp(183,12): error C2065: 'id': undeclared identifier
C:\Users\ASUS\source\LyThuyetDoThiVaUngDung\Lab6\Lab6\Lab6.cpp(183,20): error C2065: 'P': undeclared identifier
C:\Users\ASUS\source\LyThuyetDoThiVaUngDung\Lab6\Lab6\Lab6.cpp(184,13): error C2065: 'P': undeclared identifier
